// Jest Snapshot v1, https://goo.gl/fbAQLP

exports[`<Text /> should render: hello 1`] = `
<span
  style={
    Object {
      "height": 10,
    }
  }
>
  Hello
</span>
`;
